2026-02-10 09:32:46,717 - __main__ - INFO - ============================================================
2026-02-10 09:32:46,717 - __main__ - INFO - 日志文件位置: D:\project\sectool_codex\package\package\dist\sectool-minimal\logs\sectool_20260210_093246.log
2026-02-10 09:32:46,717 - __main__ - INFO - Python版本: 3.11.9 (tags/v3.11.9:de54cf5, Apr  2 2024, 10:12:12) [MSC v.1938 64 bit (AMD64)]
2026-02-10 09:32:46,717 - __main__ - INFO - 工作目录: D:\project\sectool_codex\package\package\dist\sectool-minimal
2026-02-10 09:32:46,718 - __main__ - INFO - 可执行文件: D:\project\sectool_codex\package\package\dist\sectool-minimal\sectool-minimal.exe
2026-02-10 09:32:46,718 - __main__ - INFO - ============================================================
2026-02-10 09:32:46,936 - core.autoruns_parser - INFO - [AutorunsParser] 初始化...
2026-02-10 09:32:46,936 - core.autoruns_parser - INFO - [AutorunsParser] autoruns路径: D:\project\sectool_codex\package\package\dist\sectool-minimal\_internal\tools\autorunsc64.exe
2026-02-10 09:32:46,936 - core.autoruns_parser - DEBUG - [AutorunsParser] 验证autoruns存在: D:\project\sectool_codex\package\package\dist\sectool-minimal\_internal\tools\autorunsc64.exe
2026-02-10 09:32:46,937 - core.autoruns_parser - DEBUG - [AutorunsParser] autoruns验证通过
2026-02-10 09:32:46,937 - core.autoruns_parser - INFO - [AutorunsParser] 初始化完成
2026-02-10 09:32:56,912 - ui.autoruns_tab - INFO - [_start_scan] 用户点击开始扫描
2026-02-10 09:32:56,913 - ui.autoruns_tab - INFO - [_start_scan] 创建Worker: include_hash=False, verify_sig=False
2026-02-10 09:32:56,913 - ui.autoruns_tab - INFO - [_start_scan] Worker已启动
2026-02-10 09:32:56,914 - ui.autoruns_tab - INFO - [ScanThread] 开始扫描，include_hash=False, verify_sig=False
2026-02-10 09:32:56,914 - ui.autoruns_tab - DEBUG - [ScanThread] parser类型: <class 'core.autoruns_parser.AutorunsParser'>
2026-02-10 09:32:56,914 - ui.autoruns_tab - DEBUG - [ScanThread] 调用parser.scan...
2026-02-10 09:32:56,914 - core.autoruns_parser - INFO - [AutorunsParser.scan] 开始扫描: include_hash=False, verify_signature=False
2026-02-10 09:32:56,914 - core.autoruns_parser - INFO - [AutorunsParser.scan] 类别过滤: None
2026-02-10 09:32:56,914 - core.autoruns_parser - INFO - [AutorunsParser.scan] 执行命令: D:\project\sectool_codex\package\package\dist\sectool-minimal\_internal\tools\autorunsc64.exe -accepteula -a * -c -s -nobanner
2026-02-10 09:32:56,914 - core.autoruns_parser - DEBUG - [AutorunsParser.scan] 启动子进程...
2026-02-10 09:32:56,964 - core.autoruns_parser - DEBUG - [AutorunsParser.scan] 等待进程完成(超时180秒)...
2026-02-10 09:34:48,875 - core.autoruns_parser - DEBUG - [AutorunsParser.scan] 进程完成，返回码: 0
2026-02-10 09:34:48,890 - core.autoruns_parser - DEBUG - [AutorunsParser.scan] 输出大小: 1079204 bytes
2026-02-10 09:34:49,065 - core.autoruns_parser - DEBUG - [AutorunsParser.scan] CSV解码成功，长度: 539602 chars
2026-02-10 09:34:49,082 - core.autoruns_parser - DEBUG - [AutorunsParser.scan] 开始解析CSV...
2026-02-10 09:34:49,384 - core.autoruns_parser - INFO - [AutorunsParser.scan] CSV解析完成，共 1729 个条目
2026-02-10 09:34:49,384 - core.autoruns_parser - INFO - [AutorunsParser.scan] 扫描完成，返回 1729 个条目
2026-02-10 09:34:49,385 - ui.autoruns_tab - INFO - [ScanThread] 扫描完成，共 1729 个条目
2026-02-10 09:34:49,385 - ui.autoruns_tab - DEBUG - [ScanThread] 转换为字典格式...
2026-02-10 09:34:49,451 - ui.autoruns_tab - INFO - [ScanThread] 转换完成，发送 finished 信号
