2026-02-14 17:07:32,161 - INFO - [Startup] ========================================
2026-02-14 17:07:32,162 - INFO - [Startup] AppID: com.internal.IRtool
2026-02-14 17:07:32,162 - INFO - [Startup] Version: 1.0.0
2026-02-14 17:07:32,162 - INFO - [Startup] Build: release (2026-02-14)
2026-02-14 17:07:32,162 - INFO - [Startup] App Directory: D:\project\sectool_codex
2026-02-14 17:07:32,162 - INFO - [Startup] ========================================
2026-02-14 17:07:32,167 - INFO - [Main] Admin check: is_admin_mode=0
2026-02-14 17:07:32,167 - INFO - [Main] Attempting to elevate privileges...
2026-02-14 17:07:32,590 - INFO - [Main] ShellExecuteW result: 42
2026-02-14 17:07:32,591 - INFO - [Main] Elevation requested, exiting current process
2026-02-14 17:07:33,425 - INFO - [Startup] ========================================
2026-02-14 17:07:33,425 - INFO - [Startup] AppID: com.internal.IRtool
2026-02-14 17:07:33,425 - INFO - [Startup] Version: 1.0.0
2026-02-14 17:07:33,425 - INFO - [Startup] Build: release (2026-02-14)
2026-02-14 17:07:33,425 - INFO - [Startup] App Directory: D:\project\sectool_codex
2026-02-14 17:07:33,425 - INFO - [Startup] ========================================
2026-02-14 17:07:33,429 - INFO - [Main] Admin check: is_admin_mode=1
2026-02-14 17:07:33,536 - INFO - [MainWindow] Setting title: IRtool v1.0.0, is_admin_mode=1
2026-02-14 17:41:51,718 - INFO - [Startup] ========================================
2026-02-14 17:41:51,718 - INFO - [Startup] AppID: com.internal.IRtool
2026-02-14 17:41:51,718 - INFO - [Startup] Version: 1.0.0
2026-02-14 17:41:51,718 - INFO - [Startup] Build: release (2026-02-14)
2026-02-14 17:41:51,718 - INFO - [Startup] App Directory: D:\project\sectool_codex
2026-02-14 17:41:51,718 - INFO - [Startup] ========================================
2026-02-14 17:41:51,724 - INFO - [Main] Admin check: is_admin_mode=0
2026-02-14 17:41:51,724 - INFO - [Main] Attempting to elevate privileges...
2026-02-14 17:41:52,211 - INFO - [Main] ShellExecuteW result: 42
2026-02-14 17:41:52,211 - INFO - [Main] Elevation requested, exiting current process
2026-02-14 17:41:52,997 - INFO - [Startup] ========================================
2026-02-14 17:41:52,997 - INFO - [Startup] AppID: com.internal.IRtool
2026-02-14 17:41:52,997 - INFO - [Startup] Version: 1.0.0
2026-02-14 17:41:52,998 - INFO - [Startup] Build: release (2026-02-14)
2026-02-14 17:41:52,998 - INFO - [Startup] App Directory: D:\project\sectool_codex
2026-02-14 17:41:52,998 - INFO - [Startup] ========================================
2026-02-14 17:41:53,001 - INFO - [Main] Admin check: is_admin_mode=1
2026-02-14 17:41:53,074 - INFO - [MainWindow] Setting title: IRtool v1.0.0, is_admin_mode=1
2026-02-14 17:42:46,929 - INFO - [Perf][AutorunsTreeModel.add_entries] 2053ms entries=1740
2026-02-14 17:42:46,929 - INFO - [Perf][AutorunsTab.populate_tree] 2054ms entries=1740
2026-02-14 17:42:47,723 - INFO - [Perf][AutorunsTab.icon_warmup_batch] 37ms range=1020-1040/1740
2026-02-14 17:42:47,795 - INFO - [Perf][AutorunsTab.icon_warmup_batch] 64ms range=1040-1060/1740
2026-02-14 17:42:47,954 - INFO - [Perf][AutorunsTab.icon_warmup_batch] 139ms range=1080-1100/1740
2026-02-14 17:42:48,039 - INFO - [Perf][AutorunsTab.icon_warmup_batch] 58ms range=1120-1140/1740
2026-02-14 17:42:48,128 - INFO - [Perf][AutorunsTab.icon_warmup_batch] 79ms range=1140-1160/1740
2026-02-14 17:42:48,182 - INFO - [Perf][AutorunsTab.icon_warmup_batch] 46ms range=1160-1180/1740
2026-02-14 17:42:48,241 - INFO - [Perf][AutorunsTab.icon_warmup_batch] 43ms range=1180-1200/1740
2026-02-14 17:42:48,312 - INFO - [Perf][AutorunsTab.icon_warmup_batch] 54ms range=1200-1220/1740
2026-02-14 17:42:48,402 - INFO - [Perf][AutorunsTab.icon_warmup_batch] 80ms range=1220-1240/1740
2026-02-14 17:42:48,429 - INFO - [Perf][AutorunsTab.icon_warmup_batch] 19ms range=1240-1260/1740
2026-02-14 17:42:48,477 - INFO - [Perf][AutorunsTab.icon_warmup_batch] 18ms range=1280-1300/1740
2026-02-14 17:42:48,505 - INFO - [Perf][AutorunsTab.icon_warmup_batch] 20ms range=1300-1320/1740
2026-02-14 17:42:48,555 - INFO - [Perf][AutorunsTab.icon_warmup_batch] 42ms range=1320-1340/1740
2026-02-14 17:42:48,628 - INFO - [Perf][AutorunsTab.icon_warmup_batch] 44ms range=1360-1380/1740
2026-02-14 17:42:48,912 - INFO - [Perf][AutorunsTab.icon_warmup_batch] 94ms range=1680-1700/1740
2026-02-14 17:42:48,937 - INFO - [Perf][AutorunsTab.icon_warmup_batch] 16ms range=1700-1720/1740
2026-02-14 17:43:05,046 - INFO - [IP Rule Scan] 获取到 264 条网络连接
2026-02-14 17:43:10,873 - INFO - [IP Rule Scan] 获取到 266 条网络连接
2026-02-14 17:43:50,603 - INFO - [IP Rule Scan] 获取到 264 条网络连接
2026-02-14 17:44:10,534 - INFO - [IP Rule Scan] 获取到 265 条网络连接
2026-02-14 17:46:29,466 - INFO - [Startup] ========================================
2026-02-14 17:46:29,466 - INFO - [Startup] AppID: com.internal.IRtool
2026-02-14 17:46:29,467 - INFO - [Startup] Version: 1.0.0
2026-02-14 17:46:29,467 - INFO - [Startup] Build: release (2026-02-14)
2026-02-14 17:46:29,467 - INFO - [Startup] App Directory: D:\project\sectool_codex
2026-02-14 17:46:29,467 - INFO - [Startup] ========================================
2026-02-14 17:46:29,472 - INFO - [Main] Admin check: is_admin_mode=0
2026-02-14 17:46:29,472 - INFO - [Main] Attempting to elevate privileges...
2026-02-14 17:46:29,892 - INFO - [Main] ShellExecuteW result: 42
2026-02-14 17:46:29,894 - INFO - [Main] Elevation requested, exiting current process
2026-02-14 17:46:30,701 - INFO - [Startup] ========================================
2026-02-14 17:46:30,701 - INFO - [Startup] AppID: com.internal.IRtool
2026-02-14 17:46:30,701 - INFO - [Startup] Version: 1.0.0
2026-02-14 17:46:30,701 - INFO - [Startup] Build: release (2026-02-14)
2026-02-14 17:46:30,701 - INFO - [Startup] App Directory: D:\project\sectool_codex
2026-02-14 17:46:30,702 - INFO - [Startup] ========================================
2026-02-14 17:46:30,706 - INFO - [Main] Admin check: is_admin_mode=1
2026-02-14 17:46:30,789 - INFO - [MainWindow] Setting title: IRtool v1.0.0, is_admin_mode=1
2026-02-14 17:47:18,352 - INFO - [Perf][AutorunsTreeModel.add_entries] 1882ms entries=1740
2026-02-14 17:47:18,352 - INFO - [Perf][AutorunsTab.populate_tree] 1883ms entries=1740
2026-02-14 17:47:19,202 - INFO - [Perf][AutorunsTab.icon_warmup_batch] 45ms range=1020-1040/1740
2026-02-14 17:47:19,285 - INFO - [Perf][AutorunsTab.icon_warmup_batch] 74ms range=1040-1060/1740
2026-02-14 17:47:19,451 - INFO - [Perf][AutorunsTab.icon_warmup_batch] 147ms range=1080-1100/1740
2026-02-14 17:47:19,516 - INFO - [Perf][AutorunsTab.icon_warmup_batch] 41ms range=1120-1140/1740
2026-02-14 17:47:19,601 - INFO - [Perf][AutorunsTab.icon_warmup_batch] 78ms range=1140-1160/1740
2026-02-14 17:47:19,662 - INFO - [Perf][AutorunsTab.icon_warmup_batch] 51ms range=1160-1180/1740
2026-02-14 17:47:19,718 - INFO - [Perf][AutorunsTab.icon_warmup_batch] 45ms range=1180-1200/1740
2026-02-14 17:47:19,780 - INFO - [Perf][AutorunsTab.icon_warmup_batch] 54ms range=1200-1220/1740
2026-02-14 17:47:19,850 - INFO - [Perf][AutorunsTab.icon_warmup_batch] 60ms range=1220-1240/1740
2026-02-14 17:47:19,878 - INFO - [Perf][AutorunsTab.icon_warmup_batch] 20ms range=1240-1260/1740
2026-02-14 17:47:19,929 - INFO - [Perf][AutorunsTab.icon_warmup_batch] 22ms range=1280-1300/1740
2026-02-14 17:47:19,964 - INFO - [Perf][AutorunsTab.icon_warmup_batch] 25ms range=1300-1320/1740
2026-02-14 17:47:20,019 - INFO - [Perf][AutorunsTab.icon_warmup_batch] 45ms range=1320-1340/1740
2026-02-14 17:47:20,123 - INFO - [Perf][AutorunsTab.icon_warmup_batch] 55ms range=1360-1380/1740
2026-02-14 17:47:20,433 - INFO - [Perf][AutorunsTab.icon_warmup_batch] 115ms range=1680-1700/1740
2026-02-14 17:47:20,461 - INFO - [Perf][AutorunsTab.icon_warmup_batch] 17ms range=1700-1720/1740
2026-02-14 17:47:28,496 - INFO - [IP Rule Scan] 获取到 265 条网络连接
2026-02-14 17:49:48,839 - INFO - [Startup] ========================================
2026-02-14 17:49:48,839 - INFO - [Startup] AppID: com.internal.IRtool
2026-02-14 17:49:48,839 - INFO - [Startup] Version: 1.0.0
2026-02-14 17:49:48,839 - INFO - [Startup] Build: release (2026-02-14)
2026-02-14 17:49:48,839 - INFO - [Startup] App Directory: D:\project\sectool_codex
2026-02-14 17:49:48,839 - INFO - [Startup] ========================================
2026-02-14 17:49:48,843 - INFO - [Main] Admin check: is_admin_mode=0
2026-02-14 17:49:48,843 - INFO - [Main] Attempting to elevate privileges...
2026-02-14 17:49:49,268 - INFO - [Main] ShellExecuteW result: 42
2026-02-14 17:49:49,268 - INFO - [Main] Elevation requested, exiting current process
2026-02-14 17:49:49,935 - INFO - [Startup] ========================================
2026-02-14 17:49:49,935 - INFO - [Startup] AppID: com.internal.IRtool
2026-02-14 17:49:49,937 - INFO - [Startup] Version: 1.0.0
2026-02-14 17:49:49,937 - INFO - [Startup] Build: release (2026-02-14)
2026-02-14 17:49:49,937 - INFO - [Startup] App Directory: D:\project\sectool_codex
2026-02-14 17:49:49,937 - INFO - [Startup] ========================================
2026-02-14 17:49:49,941 - INFO - [Main] Admin check: is_admin_mode=1
2026-02-14 17:49:50,033 - INFO - [MainWindow] Setting title: IRtool v1.0.0, is_admin_mode=1
2026-02-14 17:50:45,026 - INFO - [Perf][AutorunsTreeModel.add_entries] 1839ms entries=1740
2026-02-14 17:50:45,026 - INFO - [Perf][AutorunsTab.populate_tree] 1839ms entries=1740
2026-02-14 17:50:45,860 - INFO - [Perf][AutorunsTab.icon_warmup_batch] 42ms range=1020-1040/1740
2026-02-14 17:50:45,936 - INFO - [Perf][AutorunsTab.icon_warmup_batch] 67ms range=1040-1060/1740
2026-02-14 17:50:46,100 - INFO - [Perf][AutorunsTab.icon_warmup_batch] 132ms range=1080-1100/1740
2026-02-14 17:50:46,169 - INFO - [Perf][AutorunsTab.icon_warmup_batch] 41ms range=1120-1140/1740
2026-02-14 17:50:46,241 - INFO - [Perf][AutorunsTab.icon_warmup_batch] 64ms range=1140-1160/1740
2026-02-14 17:50:46,289 - INFO - [Perf][AutorunsTab.icon_warmup_batch] 37ms range=1160-1180/1740
2026-02-14 17:50:46,334 - INFO - [Perf][AutorunsTab.icon_warmup_batch] 37ms range=1180-1200/1740
2026-02-14 17:50:46,389 - INFO - [Perf][AutorunsTab.icon_warmup_batch] 47ms range=1200-1220/1740
2026-02-14 17:50:46,450 - INFO - [Perf][AutorunsTab.icon_warmup_batch] 52ms range=1220-1240/1740
2026-02-14 17:50:46,515 - INFO - [Perf][AutorunsTab.icon_warmup_batch] 16ms range=1280-1300/1740
2026-02-14 17:50:46,545 - INFO - [Perf][AutorunsTab.icon_warmup_batch] 20ms range=1300-1320/1740
2026-02-14 17:50:46,594 - INFO - [Perf][AutorunsTab.icon_warmup_batch] 40ms range=1320-1340/1740
2026-02-14 17:50:46,668 - INFO - [Perf][AutorunsTab.icon_warmup_batch] 45ms range=1360-1380/1740
2026-02-14 17:50:46,946 - INFO - [Perf][AutorunsTab.icon_warmup_batch] 88ms range=1680-1700/1740
2026-02-14 17:50:46,975 - INFO - [Perf][AutorunsTab.icon_warmup_batch] 16ms range=1700-1720/1740
2026-02-14 17:51:00,045 - INFO - [IP Rule Scan] 获取到 253 条网络连接
2026-02-14 17:51:48,111 - INFO - [Startup] ========================================
2026-02-14 17:51:48,111 - INFO - [Startup] AppID: com.internal.IRtool
2026-02-14 17:51:48,111 - INFO - [Startup] Version: 1.0.0
2026-02-14 17:51:48,111 - INFO - [Startup] Build: release (2026-02-14)
2026-02-14 17:51:48,111 - INFO - [Startup] App Directory: D:\project\sectool_codex
2026-02-14 17:51:48,111 - INFO - [Startup] ========================================
2026-02-14 17:51:48,116 - INFO - [Main] Admin check: is_admin_mode=0
2026-02-14 17:51:48,116 - INFO - [Main] Attempting to elevate privileges...
2026-02-14 17:51:48,546 - INFO - [Main] ShellExecuteW result: 42
2026-02-14 17:51:48,546 - INFO - [Main] Elevation requested, exiting current process
2026-02-14 17:51:49,123 - INFO - [Startup] ========================================
2026-02-14 17:51:49,123 - INFO - [Startup] AppID: com.internal.IRtool
2026-02-14 17:51:49,123 - INFO - [Startup] Version: 1.0.0
2026-02-14 17:51:49,123 - INFO - [Startup] Build: release (2026-02-14)
2026-02-14 17:51:49,123 - INFO - [Startup] App Directory: D:\project\sectool_codex
2026-02-14 17:51:49,123 - INFO - [Startup] ========================================
2026-02-14 17:51:49,127 - INFO - [Main] Admin check: is_admin_mode=1
2026-02-14 17:51:49,217 - INFO - [MainWindow] Setting title: IRtool v1.0.0, is_admin_mode=1
